[    0.000000] Linux version 5.16.0+ (manfred@localhost.localdomain) (gcc (GCC) 11.2.1 20211203 (Red Hat 11.2.1-7), GNU ld version 2.37-10.fc35) #389 SMP PREEMPT Thu Jan 20 19:55:36 CET 2022
[    0.000000] Command line: BOOT_IMAGE=(hd0,gpt2)/bzImage
[    0.000000] KERNEL supported cpus:
[    0.000000]   Intel GenuineIntel
[    0.000000]   AMD AuthenticAMD
[    0.000000]   Centaur CentaurHauls
[    0.000000] x86/fpu: Supporting XSAVE feature 0x001: 'x87 floating point registers'
[    0.000000] x86/fpu: Supporting XSAVE feature 0x002: 'SSE registers'
[    0.000000] x86/fpu: Supporting XSAVE feature 0x004: 'AVX registers'
[    0.000000] x86/fpu: xstate_offset[2]:  576, xstate_sizes[2]:  256
[    0.000000] x86/fpu: Enabled xstate features 0x7, context size is 832 bytes, using 'standard' format.
[    0.000000] signal: max sigframe size: 1776
[    0.000000] BIOS-provided physical RAM map:
[    0.000000] BIOS-e820: [mem 0x0000000000000000-0x0000000000057fff] usable
[    0.000000] BIOS-e820: [mem 0x0000000000058000-0x0000000000058fff] reserved
[    0.000000] BIOS-e820: [mem 0x0000000000059000-0x0000000000087fff] usable
[    0.000000] BIOS-e820: [mem 0x0000000000088000-0x00000000000bffff] reserved
[    0.000000] BIOS-e820: [mem 0x0000000000100000-0x000000009bb7efff] usable
[    0.000000] BIOS-e820: [mem 0x000000009bb7f000-0x000000009cb7efff] reserved
[    0.000000] BIOS-e820: [mem 0x000000009cb7f000-0x000000009cf7efff] ACPI NVS
[    0.000000] BIOS-e820: [mem 0x000000009cf7f000-0x000000009cffefff] ACPI data
[    0.000000] BIOS-e820: [mem 0x000000009cfff000-0x000000009cffffff] usable
[    0.000000] BIOS-e820: [mem 0x000000009d000000-0x000000009fffffff] reserved
[    0.000000] BIOS-e820: [mem 0x00000000e0000000-0x00000000efffffff] reserved
[    0.000000] BIOS-e820: [mem 0x00000000fe101000-0x00000000fe112fff] reserved
[    0.000000] BIOS-e820: [mem 0x00000000feb00000-0x00000000feb03fff] reserved
[    0.000000] BIOS-e820: [mem 0x00000000fec00000-0x00000000fec00fff] reserved
[    0.000000] BIOS-e820: [mem 0x00000000fed10000-0x00000000fed19fff] reserved
[    0.000000] BIOS-e820: [mem 0x00000000fed1c000-0x00000000fed1ffff] reserved
[    0.000000] BIOS-e820: [mem 0x00000000fee00000-0x00000000fee00fff] reserved
[    0.000000] BIOS-e820: [mem 0x00000000ffa00000-0x00000000ffffffff] reserved
[    0.000000] BIOS-e820: [mem 0x0000000100000000-0x000000045dffffff] usable
[    0.000000] NX (Execute Disable) protection: active
[    0.000000] e820: update [mem 0x81a66018-0x81a76057] usable ==> usable
[    0.000000] e820: update [mem 0x81a66018-0x81a76057] usable ==> usable
[    0.000000] extended physical RAM map:
[    0.000000] reserve setup_data: [mem 0x0000000000000000-0x0000000000057fff] usable
[    0.000000] reserve setup_data: [mem 0x0000000000058000-0x0000000000058fff] reserved
[    0.000000] reserve setup_data: [mem 0x0000000000059000-0x0000000000087fff] usable
[    0.000000] reserve setup_data: [mem 0x0000000000088000-0x00000000000bffff] reserved
[    0.000000] reserve setup_data: [mem 0x0000000000100000-0x0000000081a66017] usable
[    0.000000] reserve setup_data: [mem 0x0000000081a66018-0x0000000081a76057] usable
[    0.000000] reserve setup_data: [mem 0x0000000081a76058-0x000000009bb7efff] usable
[    0.000000] reserve setup_data: [mem 0x000000009bb7f000-0x000000009cb7efff] reserved
[    0.000000] reserve setup_data: [mem 0x000000009cb7f000-0x000000009cf7efff] ACPI NVS
[    0.000000] reserve setup_data: [mem 0x000000009cf7f000-0x000000009cffefff] ACPI data
[    0.000000] reserve setup_data: [mem 0x000000009cfff000-0x000000009cffffff] usable
[    0.000000] reserve setup_data: [mem 0x000000009d000000-0x000000009fffffff] reserved
[    0.000000] reserve setup_data: [mem 0x00000000e0000000-0x00000000efffffff] reserved
[    0.000000] reserve setup_data: [mem 0x00000000fe101000-0x00000000fe112fff] reserved
[    0.000000] reserve setup_data: [mem 0x00000000feb00000-0x00000000feb03fff] reserved
[    0.000000] reserve setup_data: [mem 0x00000000fec00000-0x00000000fec00fff] reserved
[    0.000000] reserve setup_data: [mem 0x00000000fed10000-0x00000000fed19fff] reserved
[    0.000000] reserve setup_data: [mem 0x00000000fed1c000-0x00000000fed1ffff] reserved
[    0.000000] reserve setup_data: [mem 0x00000000fee00000-0x00000000fee00fff] reserved
[    0.000000] reserve setup_data: [mem 0x00000000ffa00000-0x00000000ffffffff] reserved
[    0.000000] reserve setup_data: [mem 0x0000000100000000-0x000000045dffffff] usable
[    0.000000] efi: EFI v2.40 by INSYDE Corp.
[    0.000000] efi: SMBIOS=0x9c0ee000 ESRT=0x9c172518 ACPI 2.0=0x9cffe014 RNG=0x9c10b198 
[    0.000000] efi: seeding entropy pool
[    0.000000] SMBIOS 2.7 present.
[    0.000000] DMI: Hewlett-Packard HP 350 G2/803A, BIOS F.13 06/10/2015
[    0.000000] tsc: Fast TSC calibration using PIT
[    0.000000] tsc: Detected 2094.996 MHz processor
[    0.007388] e820: update [mem 0x00000000-0x00000fff] usable ==> reserved
[    0.007431] e820: remove [mem 0x000a0000-0x000fffff] usable
[    0.007480] last_pfn = 0x45e000 max_arch_pfn = 0x400000000
[    0.008386] x86/PAT: Configuration [0-7]: WB  WC  UC- UC  WB  WP  UC- WT  
[    0.029895] e820: update [mem 0x9d000000-0xffffffff] usable ==> reserved
[    0.029943] last_pfn = 0x9d000 max_arch_pfn = 0x400000000
[    0.043652] esrt: Reserving ESRT space from 0x000000009c172518 to 0x000000009c172550.
[    0.043728] Using GB pages for direct mapping
[    0.045057] Secure boot disabled
[    0.045072] RAMDISK: [mem 0x5ca9c000-0x5ed88fff]
[    0.045099] ACPI: Early table checksum verification disabled
[    0.045120] ACPI: RSDP 0x000000009CFFE014 000024 (v02 HPQOEM)
[    0.045162] ACPI: XSDT 0x000000009CFFE120 0000C4 (v01 HPQOEM SLIC-MPC 00000001      01000013)
[    0.045217] ACPI: FACP 0x000000009CFF0000 00010C (v05 HPQOEM SLIC-MPC 00000001 HP   00040000)
[    0.045276] ACPI: DSDT 0x000000009CFDC000 00F633 (v02 HPQOEM SLIC-MPC 00000000 ACPI 00040000)
[    0.045326] ACPI: FACS 0x000000009CF78000 000040
[    0.045366] ACPI: UEFI 0x000000009CFFD000 000236 (v01 HPQOEM INSYDE   00000001 HP   00040000)
[    0.045415] ACPI: UEFI 0x000000009CFFC000 000042 (v01 HPQOEM INSYDE   00000000 HP   00040000)
[    0.045465] ACPI: SSDT 0x000000009CFF5000 005F53 (v01 HPQOEM INSYDE   00001000 ACPI 00040000)
[    0.045515] ACPI: ASF! 0x000000009CFF4000 0000A5 (v32 HPQOEM INSYDE   00000001 HP   00040000)
[    0.045564] ACPI: ASPT 0x000000009CFF3000 000034 (v07 HPQOEM INSYDE   00000001 HP   00040000)
[    0.045613] ACPI: BOOT 0x000000009CFF2000 000028 (v01 HPQOEM INSYDE   00000001 HP   00040000)
[    0.045663] ACPI: DBGP 0x000000009CFF1000 000034 (v01 HPQOEM SLIC-MPC 00000001 HP   00040000)
[    0.045712] ACPI: HPET 0x000000009CFEF000 000038 (v01 HPQOEM INSYDE   00000001 HP   00040000)
[    0.045762] ACPI: LPIT 0x000000009CFEE000 000094 (v01 HPQOEM INSYDE   00000000 HP   00040000)
[    0.045812] ACPI: APIC 0x000000009CFED000 00008C (v03 HPQOEM SLIC-MPC 00000001 HP   00040000)
[    0.045861] ACPI: MCFG 0x000000009CFEC000 00003C (v01 HPQOEM INSYDE   00000001 HP   00040000)
[    0.045911] ACPI: SSDT 0x000000009CFD8000 00342D (v02 HPQOEM INSYDE   00001000 ACPI 00040000)
[    0.045960] ACPI: SSDT 0x000000009CFD7000 00064B (v02 HPQOEM INSYDE   00001000 ACPI 00040000)
[    0.046010] ACPI: SSDT 0x000000009CFD6000 000539 (v02 HPQOEM INSYDE   00003000 ACPI 00040000)
[    0.046059] ACPI: SSDT 0x000000009CFD5000 000B74 (v02 HPQOEM INSYDE   00003000 ACPI 00040000)
[    0.046109] ACPI: SSDT 0x000000009CFCF000 005B22 (v02 HPQOEM INSYDE   00003000 ACPI 00040000)
[    0.046159] ACPI: DMAR 0x000000009CFCE000 0000B0 (v01 HPQOEM INSYDE   00000001 HP   00040000)
[    0.046208] ACPI: FPDT 0x000000009CFCD000 000044 (v01 HPQOEM SLIC-MPC 00000002 HP   00040000)
[    0.046258] ACPI: BGRT 0x000000009CFCC000 000038 (v01 HPQOEM INSYDE   00000001 HP   00040000)
[    0.046304] ACPI: Reserving FACP table memory at [mem 0x9cff0000-0x9cff010b]
[    0.046330] ACPI: Reserving DSDT table memory at [mem 0x9cfdc000-0x9cfeb632]
[    0.046356] ACPI: Reserving FACS table memory at [mem 0x9cf78000-0x9cf7803f]
[    0.046381] ACPI: Reserving UEFI table memory at [mem 0x9cffd000-0x9cffd235]
[    0.046407] ACPI: Reserving UEFI table memory at [mem 0x9cffc000-0x9cffc041]
[    0.046433] ACPI: Reserving SSDT table memory at [mem 0x9cff5000-0x9cffaf52]
[    0.046459] ACPI: Reserving ASF! table memory at [mem 0x9cff4000-0x9cff40a4]
[    0.046486] ACPI: Reserving ASPT table memory at [mem 0x9cff3000-0x9cff3033]
[    0.046512] ACPI: Reserving BOOT table memory at [mem 0x9cff2000-0x9cff2027]
[    0.046538] ACPI: Reserving DBGP table memory at [mem 0x9cff1000-0x9cff1033]
[    0.046565] ACPI: Reserving HPET table memory at [mem 0x9cfef000-0x9cfef037]
[    0.046591] ACPI: Reserving LPIT table memory at [mem 0x9cfee000-0x9cfee093]
[    0.046617] ACPI: Reserving APIC table memory at [mem 0x9cfed000-0x9cfed08b]
[    0.046644] ACPI: Reserving MCFG table memory at [mem 0x9cfec000-0x9cfec03b]
[    0.046670] ACPI: Reserving SSDT table memory at [mem 0x9cfd8000-0x9cfdb42c]
[    0.046697] ACPI: Reserving SSDT table memory at [mem 0x9cfd7000-0x9cfd764a]
[    0.046723] ACPI: Reserving SSDT table memory at [mem 0x9cfd6000-0x9cfd6538]
[    0.046750] ACPI: Reserving SSDT table memory at [mem 0x9cfd5000-0x9cfd5b73]
[    0.046776] ACPI: Reserving SSDT table memory at [mem 0x9cfcf000-0x9cfd4b21]
[    0.046803] ACPI: Reserving DMAR table memory at [mem 0x9cfce000-0x9cfce0af]
[    0.046830] ACPI: Reserving FPDT table memory at [mem 0x9cfcd000-0x9cfcd043]
[    0.046857] ACPI: Reserving BGRT table memory at [mem 0x9cfcc000-0x9cfcc037]
[    0.047176] Zone ranges:
[    0.047190]   DMA      [mem 0x0000000000001000-0x0000000000ffffff]
[    0.047219]   DMA32    [mem 0x0000000001000000-0x00000000ffffffff]
[    0.047247]   Normal   [mem 0x0000000100000000-0x000000045dffffff]
[    0.047276] Movable zone start for each node
[    0.047291] Early memory node ranges
[    0.047305]   node   0: [mem 0x0000000000001000-0x0000000000057fff]
[    0.047327]   node   0: [mem 0x0000000000059000-0x0000000000087fff]
[    0.047349]   node   0: [mem 0x0000000000100000-0x000000009bb7efff]
[    0.047373]   node   0: [mem 0x000000009cfff000-0x000000009cffffff]
[    0.047395]   node   0: [mem 0x0000000100000000-0x000000045dffffff]
[    0.047430] Initmem setup node 0 [mem 0x0000000000001000-0x000000045dffffff]
[    0.047461] On node 0, zone DMA: 1 pages in unavailable ranges
[    0.047477] On node 0, zone DMA: 1 pages in unavailable ranges
[    0.047525] On node 0, zone DMA: 120 pages in unavailable ranges
[    0.052427] On node 0, zone DMA32: 5248 pages in unavailable ranges
[    0.079488] On node 0, zone Normal: 12288 pages in unavailable ranges
[    0.079603] On node 0, zone Normal: 8192 pages in unavailable ranges
[    0.079635] Reserving Intel graphics memory at [mem 0x9e000000-0x9fffffff]
[    0.079801] ACPI: PM-Timer IO Port: 0x1808
[    0.079866] IOAPIC[0]: apic_id 0, version 32, address 0xfec00000, GSI 0-39
[    0.079902] ACPI: INT_SRC_OVR (bus 0 bus_irq 0 global_irq 2 dfl dfl)
[    0.079929] ACPI: INT_SRC_OVR (bus 0 bus_irq 9 global_irq 9 high level)
[    0.079997] ACPI: Using ACPI (MADT) for SMP configuration information
[    0.080017] ACPI: HPET id: 0x8086a201 base: 0xfed00000
[    0.080057] [Firmware Bug]: TSC_DEADLINE disabled due to Errata; please update microcode to version: 0x25 (or later)
[    0.080082] smpboot: Allowing 4 CPUs, 0 hotplug CPUs
[    0.080419] PM: hibernation: Registered nosave memory: [mem 0x00000000-0x00000fff]
[    0.080459] PM: hibernation: Registered nosave memory: [mem 0x00058000-0x00058fff]
[    0.080499] PM: hibernation: Registered nosave memory: [mem 0x00088000-0x000bffff]
[    0.080522] PM: hibernation: Registered nosave memory: [mem 0x000c0000-0x000fffff]
[    0.080562] PM: hibernation: Registered nosave memory: [mem 0x81a66000-0x81a66fff]
[    0.080604] PM: hibernation: Registered nosave memory: [mem 0x81a76000-0x81a76fff]
[    0.080645] PM: hibernation: Registered nosave memory: [mem 0x9bb7f000-0x9cb7efff]
[    0.080668] PM: hibernation: Registered nosave memory: [mem 0x9cb7f000-0x9cf7efff]
[    0.080691] PM: hibernation: Registered nosave memory: [mem 0x9cf7f000-0x9cffefff]
[    0.080732] PM: hibernation: Registered nosave memory: [mem 0x9d000000-0x9fffffff]
[    0.080755] PM: hibernation: Registered nosave memory: [mem 0xa0000000-0xdfffffff]
[    0.080778] PM: hibernation: Registered nosave memory: [mem 0xe0000000-0xefffffff]
[    0.080801] PM: hibernation: Registered nosave memory: [mem 0xf0000000-0xfe100fff]
[    0.080824] PM: hibernation: Registered nosave memory: [mem 0xfe101000-0xfe112fff]
[    0.080846] PM: hibernation: Registered nosave memory: [mem 0xfe113000-0xfeafffff]
[    0.080869] PM: hibernation: Registered nosave memory: [mem 0xfeb00000-0xfeb03fff]
[    0.080892] PM: hibernation: Registered nosave memory: [mem 0xfeb04000-0xfebfffff]
[    0.080914] PM: hibernation: Registered nosave memory: [mem 0xfec00000-0xfec00fff]
[    0.080937] PM: hibernation: Registered nosave memory: [mem 0xfec01000-0xfed0ffff]
[    0.080960] PM: hibernation: Registered nosave memory: [mem 0xfed10000-0xfed19fff]
[    0.080982] PM: hibernation: Registered nosave memory: [mem 0xfed1a000-0xfed1bfff]
[    0.081005] PM: hibernation: Registered nosave memory: [mem 0xfed1c000-0xfed1ffff]
[    0.081027] PM: hibernation: Registered nosave memory: [mem 0xfed20000-0xfedfffff]
[    0.081050] PM: hibernation: Registered nosave memory: [mem 0xfee00000-0xfee00fff]
[    0.081072] PM: hibernation: Registered nosave memory: [mem 0xfee01000-0xff9fffff]
[    0.081095] PM: hibernation: Registered nosave memory: [mem 0xffa00000-0xffffffff]
[    0.081128] [mem 0xa0000000-0xdfffffff] available for PCI devices
[    0.081155] clocksource: refined-jiffies: mask: 0xffffffff max_cycles: 0xffffffff, max_idle_ns: 1910969940391419 ns
[    0.108495] setup_percpu: NR_CPUS:8 nr_cpumask_bits:8 nr_cpu_ids:4 nr_node_ids:1
[    0.108870] percpu: Embedded 53 pages/cpu s176592 r8192 d32304 u524288
[    0.108986] pcpu-alloc: s176592 r8192 d32304 u524288 alloc=1*2097152
[    0.109014] pcpu-alloc: [0] 0 1 2 3 
[    0.109339] Built 1 zonelists, mobility grouping on.  Total pages: 4103186
[    0.109381] Kernel command line: BOOT_IMAGE=(hd0,gpt2)/bzImage
[    0.109584] Unknown kernel command line parameters "BOOT_IMAGE=(hd0,gpt2)/bzImage", will be passed to user space.
[    0.111136] Dentry cache hash table entries: 2097152 (order: 12, 16777216 bytes, linear)
[    0.111936] Inode-cache hash table entries: 1048576 (order: 11, 8388608 bytes, linear)
[    0.112103] mem auto-init: stack:off, heap alloc:off, heap free:off
[    0.203168] Memory: 15903180K/16673816K available (14342K kernel code, 115976K rwdata, 3596K rodata, 1500K init, 44772K bss, 770380K reserved, 0K cma-reserved)
[    0.204092] Kernel/User page tables isolation: enabled
[    0.204642] ftrace: allocating 34878 entries in 137 pages
[    0.223926] ftrace: allocated 137 pages with 3 groups
[    0.224180] Dynamic Preempt: full
[    0.224562] Running RCU self tests
[    0.224595] rcu: Preemptible hierarchical RCU implementation.
[    0.224612] rcu: 	RCU event tracing is enabled.
[    0.224628] rcu: 	RCU lockdep checking is enabled.
[    0.224643] rcu: 	RCU restricting CPUs from NR_CPUS=8 to nr_cpu_ids=4.
[    0.224664] 	Trampoline variant of Tasks RCU enabled.
[    0.224680] 	Rude variant of Tasks RCU enabled.
[    0.224697] rcu: RCU calculated value of scheduler-enlistment delay is 100 jiffies.
[    0.224717] rcu: Adjusting geometry for rcu_fanout_leaf=16, nr_cpu_ids=4
[    0.231018] NR_IRQS: 4352, nr_irqs: 728, preallocated irqs: 16
[    0.231886] random: get_random_bytes called from start_kernel+0x5c5/0x835 with crng_init=0
[    0.234241] Console: colour dummy device 80x25
[    0.247802] printk: console [tty0] enabled
[    0.247866] Lock dependency validator: Copyright (c) 2006 Red Hat, Inc., Ingo Molnar
[    0.247957] ... MAX_LOCKDEP_SUBCLASSES:  8
[    0.248011] ... MAX_LOCK_DEPTH:          48
[    0.248065] ... MAX_LOCKDEP_KEYS:        8192
[    0.248122] ... CLASSHASH_SIZE:          4096
[    0.248178] ... MAX_LOCKDEP_ENTRIES:     32768
[    0.248235] ... MAX_LOCKDEP_CHAINS:      65536
[    0.248292] ... CHAINHASH_SIZE:          32768
[    0.248349]  memory used by lock dependency info: 6365 kB
[    0.248415]  memory used for stack traces: 4224 kB
[    0.248475]  per task-struct memory footprint: 1920 bytes
[    0.248627] ACPI: Core revision 20211217
[    0.251936] clocksource: hpet: mask: 0xffffffff max_cycles: 0xffffffff, max_idle_ns: 133484882848 ns
[    0.252164] APIC: Switch to symmetric I/O mode setup
[    0.253387] ..TIMER: vector=0x30 apic1=0 pin1=2 apic2=-1 pin2=-1
[    0.258136] clocksource: tsc-early: mask: 0xffffffffffffffff max_cycles: 0x1e32b97778c, max_idle_ns: 440795272329 ns
[    0.258269] Calibrating delay loop (skipped), value calculated using timer frequency.. 4189.99 BogoMIPS (lpj=2094996)
[    0.258401] pid_max: default: 32768 minimum: 301
[    0.318277] LSM: Security Framework initializing
[    0.318437] SELinux:  Initializing.
[    0.318779] Mount-cache hash table entries: 32768 (order: 6, 262144 bytes, linear)
[    0.318906] Mountpoint-cache hash table entries: 32768 (order: 6, 262144 bytes, linear)
[    0.322668] CPU0: Thermal monitoring enabled (TM1)
[    0.322796] process: using mwait in idle threads
[    0.322858] Last level iTLB entries: 4KB 64, 2MB 8, 4MB 8
[    0.322928] Last level dTLB entries: 4KB 64, 2MB 0, 4MB 0, 1GB 4
[    0.323006] Spectre V1 : Mitigation: usercopy/swapgs barriers and __user pointer sanitization
[    0.323105] Spectre V2 : Mitigation: Full generic retpoline
[    0.323172] Spectre V2 : Spectre v2 / SpectreRSB mitigation: Filling RSB on context switch
[    0.323277] Speculative Store Bypass: Vulnerable
[    0.323340] SRBDS: Vulnerable: No microcode
[    0.323394] MDS: Vulnerable: Clear CPU buffers attempted, no microcode
[    0.334213] Freeing SMP alternatives memory: 12K
[    0.335275] kcsan: strict mode configured
[    0.336796] smpboot: Estimated ratio of average max frequency by base frequency (times 1024): 1024
[    0.438948] smpboot: CPU0: Intel(R) Core(TM) i3-5010U CPU @ 2.10GHz (family: 0x6, model: 0x3d, stepping: 0x4)
[    0.439611] cblist_init_generic: Setting adjustable number of callback queues.
[    0.439786] cblist_init_generic: Setting shift to 2 and lim to 1.
[    0.440072] cblist_init_generic: Setting shift to 2 and lim to 1.
[    0.440343] Running RCU-tasks wait API self tests
[    0.541703] Performance Events: PEBS fmt2+, Broadwell events, 16-deep LBR, full-width counters, Intel PMU driver.
[    0.542014] ... version:                3
[    0.542075] ... bit width:              48
[    0.542136] ... generic registers:      4
[    0.542195] ... value mask:             0000ffffffffffff
[    0.542278] ... max period:             00007fffffffffff
[    0.542353] ... fixed-purpose events:   3
[    0.542413] ... event mask:             000000070000000f
[    0.543352] rcu: Hierarchical SRCU implementation.
[    0.547315] smp: Bringing up secondary CPUs ...
[    0.549448] x86: Booting SMP configuration:
[    0.549557] .... node  #0, CPUs:      #1 #2
[    0.553043] MDS CPU bug present and SMT on, data leak possible. See https://www.kernel.org/doc/html/latest/admin-guide/hw-vuln/mds.html for more details.
[    0.554961]  #3
[    0.555621] smp: Brought up 1 node, 4 CPUs
[    0.555730] smpboot: Max logical packages: 1
[    0.555819] smpboot: Total of 4 processors activated (16759.96 BogoMIPS)
[    0.560617] devtmpfs: initialized
[    0.563735] ACPI: PM: Registering ACPI NVS region [mem 0x9cb7f000-0x9cf7efff] (4194304 bytes)
[    0.566043] clocksource: jiffies: mask: 0xffffffff max_cycles: 0xffffffff, max_idle_ns: 1911260446275000 ns
[    0.566200] futex hash table entries: 1024 (order: 5, 131072 bytes, linear)
[    0.569495] NET: Registered PF_NETLINK/PF_ROUTE protocol family
[    0.571675] audit: initializing netlink subsys (disabled)
[    0.571987] audit: type=2000 audit(1642705575.318:1): state=initialized audit_enabled=0 res=1
[    0.573577] thermal_sys: Registered thermal governor 'step_wise'
[    0.573775] cpuidle: using governor ladder
[    0.574323] Simple Boot Flag at 0x44 set to 0x1
[    0.574539] ACPI FADT declares the system doesn't support PCIe ASPM, so disable it
[    0.575280] PCI: Using configuration type 1 for base access
[    0.577334] ENERGY_PERF_BIAS: Set to 'normal', was 'performance'
[    0.606193] kprobes: kprobe jump-optimization is enabled. All kprobes are optimized if possible.
[    0.607296] HugeTLB registered 2.00 MiB page size, pre-allocated 0 pages
[    0.609379] ACPI: Added _OSI(Module Device)
[    0.609457] ACPI: Added _OSI(Processor Device)
[    0.609532] ACPI: Added _OSI(3.0 _SCP Extensions)
[    0.609609] ACPI: Added _OSI(Processor Aggregator Device)
[    0.609698] ACPI: Added _OSI(Linux-Dell-Video)
[    0.609778] ACPI: Added _OSI(Linux-Lenovo-NV-HDMI-Audio)
[    0.609941] ACPI: Added _OSI(Linux-HPI-Hybrid-Graphics)
[    0.645908] Callback from call_rcu_tasks_rude() invoked.
[    0.798553] ACPI: 7 ACPI AML tables successfully acquired and loaded
[    0.889360] ACPI: Dynamic OEM Table Load:
[    0.889548] ACPI: SSDT 0xFFFF888100B95800 0003D3 (v02 PmRef  Cpu0Cst  00003001 INTL 20130117)
[    0.908522] ACPI: Dynamic OEM Table Load:
[    0.908716] ACPI: SSDT 0xFFFF888100B9E000 0005AA (v02 PmRef  ApIst    00003000 INTL 20130117)
[    0.928877] ACPI: Dynamic OEM Table Load:
[    0.929054] ACPI: SSDT 0xFFFF888100B79600 000119 (v02 PmRef  ApCst    00003000 INTL 20130117)
[    0.957448] ACPI: EC: EC started
[    0.957547] ACPI: EC: interrupt blocked
[    0.957488] Callback from call_rcu_tasks() invoked.
[    1.005864] ACPI: EC: EC_CMD/EC_SC=0x66, EC_DATA=0x62
[    1.005957] ACPI: \_SB_.PCI0.LPCB.H_EC: Boot DSDT EC used to handle transactions
[    1.006070] ACPI: Interpreter enabled
[    1.006499] ACPI: PM: (supports S0 S3 S4 S5)
[    1.006610] ACPI: Using IOAPIC for interrupt routing
[    1.007031] PCI: Using host bridge windows from ACPI; if necessary, use "pci=nocrs" and report a bug
[    1.013555] ACPI: Enabled 9 GPEs in block 00 to 7F
[    1.221618] ACPI: PM: Power Resource [FN00]
[    1.239885] ACPI: PCI Root Bridge [PCI0] (domain 0000 [bus 00-fe])
[    1.240016] acpi PNP0A08:00: _OSC: OS supports [Segments MSI HPX-Type3]
[    1.240128] acpi PNP0A08:00: _OSC: not requesting OS control; OS requires [ExtendedConfig ASPM ClockPM MSI]
[    1.241829] acpi PNP0A08:00: _OSC: platform retains control of PCIe features (AE_ERROR)
[    1.246676] PCI host bridge to bus 0000:00
[    1.246765] pci_bus 0000:00: root bus resource [io  0x0000-0x0cf7 window]
[    1.246886] pci_bus 0000:00: root bus resource [io  0x0d00-0xffff window]
[    1.246997] pci_bus 0000:00: root bus resource [mem 0x000a0000-0x000bffff window]
[    1.247119] pci_bus 0000:00: root bus resource [mem 0xa0000000-0xfeafffff window]
[    1.247284] pci_bus 0000:00: root bus resource [bus 00-fe]
[    1.247629] pci 0000:00:00.0: [8086:1604] type 00 class 0x060000
[    1.248629] pci 0000:00:02.0: [8086:1616] type 00 class 0x030000
[    1.248767] pci 0000:00:02.0: reg 0x10: [mem 0xc1000000-0xc1ffffff 64bit]
[    1.248912] pci 0000:00:02.0: reg 0x18: [mem 0xb0000000-0xbfffffff 64bit pref]
[    1.249043] pci 0000:00:02.0: reg 0x20: [io  0x6000-0x603f]
[    1.249226] pci 0000:00:02.0: BAR 2: assigned to efifb
[    1.250959] pci 0000:00:03.0: [8086:160c] type 00 class 0x040300
[    1.251098] pci 0000:00:03.0: reg 0x10: [mem 0xc3210000-0xc3213fff 64bit]
[    1.252492] pci 0000:00:14.0: [8086:9cb1] type 00 class 0x0c0330
[    1.252638] pci 0000:00:14.0: reg 0x10: [mem 0xc3200000-0xc320ffff 64bit]
[    1.252956] pci 0000:00:14.0: PME# supported from D3hot D3cold
[    1.254248] pci 0000:00:16.0: [8086:9cba] type 00 class 0x078000
[    1.254404] pci 0000:00:16.0: reg 0x10: [mem 0xc321b000-0xc321b01f 64bit]
[    1.254723] pci 0000:00:16.0: PME# supported from D0 D3hot D3cold
[    1.255504] pci 0000:00:1b.0: [8086:9ca0] type 00 class 0x040300
[    1.255648] pci 0000:00:1b.0: reg 0x10: [mem 0xc3214000-0xc3217fff 64bit]
[    1.255964] pci 0000:00:1b.0: PME# supported from D0 D3hot D3cold
[    1.257113] pci 0000:00:1c.0: [8086:9c90] type 01 class 0x060400
[    1.257480] pci 0000:00:1c.0: PME# supported from D0 D3hot D3cold
[    1.261724] pci 0000:00:1c.1: [8086:9c92] type 01 class 0x060400
[    1.262084] pci 0000:00:1c.1: PME# supported from D0 D3hot D3cold
[    1.266294] pci 0000:00:1c.3: [8086:9c96] type 01 class 0x060400
[    1.266637] pci 0000:00:1c.3: PME# supported from D0 D3hot D3cold
[    1.270657] pci 0000:00:1d.0: [8086:9ca6] type 00 class 0x0c0320
[    1.271235] pci 0000:00:1d.0: reg 0x10: [mem 0xc3219000-0xc32193ff]
[    1.272882] pci 0000:00:1d.0: PME# supported from D0 D3hot D3cold
[    1.274073] pci 0000:00:1f.0: [8086:9cc3] type 00 class 0x060100
[    1.275448] pci 0000:00:1f.2: [8086:9c83] type 00 class 0x010601
[    1.275583] pci 0000:00:1f.2: reg 0x10: [io  0x6088-0x608f]
[    1.275693] pci 0000:00:1f.2: reg 0x14: [io  0x609c-0x609f]
[    1.275813] pci 0000:00:1f.2: reg 0x18: [io  0x6080-0x6087]
[    1.275923] pci 0000:00:1f.2: reg 0x1c: [io  0x6098-0x609b]
[    1.276032] pci 0000:00:1f.2: reg 0x20: [io  0x6060-0x607f]
[    1.276141] pci 0000:00:1f.2: reg 0x24: [mem 0xc3218000-0xc32187ff]
[    1.276415] pci 0000:00:1f.2: PME# supported from D3hot
[    1.277524] pci 0000:00:1f.3: [8086:9ca2] type 00 class 0x0c0500
[    1.277669] pci 0000:00:1f.3: reg 0x10: [mem 0xc321a000-0xc321a0ff 64bit]
[    1.277834] pci 0000:00:1f.3: reg 0x20: [io  0x6040-0x605f]
[    1.279234] pci 0000:01:00.0: [10ec:8168] type 00 class 0x020000
[    1.279400] pci 0000:01:00.0: reg 0x10: [io  0x5000-0x50ff]
[    1.279545] pci 0000:01:00.0: reg 0x18: [mem 0xc3104000-0xc3104fff 64bit]
[    1.279685] pci 0000:01:00.0: reg 0x20: [mem 0xc3100000-0xc3103fff 64bit]
[    1.280023] pci 0000:01:00.0: supports D1 D2
[    1.280101] pci 0000:01:00.0: PME# supported from D0 D1 D2 D3hot D3cold
[    1.281301] pci 0000:00:1c.0: PCI bridge to [bus 01]
[    1.281398] pci 0000:00:1c.0:   bridge window [io  0x5000-0x5fff]
[    1.281502] pci 0000:00:1c.0:   bridge window [mem 0xc3100000-0xc31fffff]
[    1.281974] pci 0000:02:00.0: [10ec:b723] type 00 class 0x028000
[    1.282135] pci 0000:02:00.0: reg 0x10: [io  0x4000-0x40ff]
[    1.282321] pci 0000:02:00.0: reg 0x18: [mem 0xc3000000-0xc3003fff 64bit]
[    1.282736] pci 0000:02:00.0: supports D1 D2
[    1.282835] pci 0000:02:00.0: PME# supported from D0 D1 D2 D3hot D3cold
[    1.284018] pci 0000:00:1c.1: PCI bridge to [bus 02]
[    1.284114] pci 0000:00:1c.1:   bridge window [io  0x4000-0x4fff]
[    1.284219] pci 0000:00:1c.1:   bridge window [mem 0xc3000000-0xc30fffff]
[    1.284618] pci 0000:03:00.0: [10ec:5227] type 00 class 0xff0000
[    1.284772] pci 0000:03:00.0: reg 0x10: [mem 0xc2000000-0xc2000fff]
[    1.285171] pci 0000:03:00.0: supports D1 D2
[    1.285341] pci 0000:03:00.0: PME# supported from D1 D2 D3hot D3cold
[    1.286513] pci 0000:00:1c.3: PCI bridge to [bus 03-08]
[    1.286613] pci 0000:00:1c.3:   bridge window [io  0x3000-0x3fff]
[    1.286717] pci 0000:00:1c.3:   bridge window [mem 0xc2000000-0xc2ffffff]
[    1.286854] pci 0000:00:1c.3:   bridge window [mem 0xc0000000-0xc0ffffff 64bit pref]
[    1.287021] pci_bus 0000:00: on NUMA node 0
[    1.300652] ACPI: PCI: Interrupt link LNKA configured for IRQ 7
[    1.301535] ACPI: PCI: Interrupt link LNKB configured for IRQ 10
[    1.302378] ACPI: PCI: Interrupt link LNKC configured for IRQ 7
[    1.303199] ACPI: PCI: Interrupt link LNKD configured for IRQ 10
[    1.303992] ACPI: PCI: Interrupt link LNKE configured for IRQ 0
[    1.304091] ACPI: PCI: Interrupt link LNKE disabled
[    1.304953] ACPI: PCI: Interrupt link LNKF configured for IRQ 0
[    1.305052] ACPI: PCI: Interrupt link LNKF disabled
[    1.305873] ACPI: PCI: Interrupt link LNKG configured for IRQ 11
[    1.306700] ACPI: PCI: Interrupt link LNKH configured for IRQ 11
[    1.311796] ACPI: EC: interrupt unblocked
[    1.311883] ACPI: EC: event unblocked
[    1.312003] ACPI: EC: EC_CMD/EC_SC=0x66, EC_DATA=0x62
[    1.312123] ACPI: EC: GPE=0x7
[    1.312184] ACPI: \_SB_.PCI0.LPCB.H_EC: Boot DSDT EC initialization complete
[    1.312301] ACPI: \_SB_.PCI0.LPCB.H_EC: EC: Used to handle transactions and events
[    1.314749] pci 0000:00:02.0: vgaarb: setting as boot VGA device
[    1.314977] pci 0000:00:02.0: vgaarb: VGA device added: decodes=io+mem,owns=io+mem,locks=none
[    1.315299] pci 0000:00:02.0: vgaarb: bridge control possible
[    1.315393] vgaarb: loaded
[    1.317241] SCSI subsystem initialized
[    1.317549] libata version 3.00 loaded.
[    1.317629] ACPI: bus type USB registered
[    1.317960] usbcore: registered new interface driver usbfs
[    1.318211] usbcore: registered new interface driver hub
[    1.318404] usbcore: registered new device driver usb
[    1.318673] pps_core: LinuxPPS API ver. 1 registered
[    1.318773] pps_core: Software ver. 5.3.6 - Copyright 2005-2007 Rodolfo Giometti <giometti@linux.it>
[    1.318943] PTP clock support registered
[    1.319462] Registered efivars operations
[    1.322007] PCI: Using ACPI for IRQ routing
[    1.322085] PCI: pci_cache_line_size set to 64 bytes
[    1.322296] e820: reserve RAM buffer [mem 0x00058000-0x0005ffff]
[    1.322330] e820: reserve RAM buffer [mem 0x00088000-0x0008ffff]
[    1.322350] e820: reserve RAM buffer [mem 0x81a66018-0x83ffffff]
[    1.322370] e820: reserve RAM buffer [mem 0x9bb7f000-0x9bffffff]
[    1.322390] e820: reserve RAM buffer [mem 0x9d000000-0x9fffffff]
[    1.322410] e820: reserve RAM buffer [mem 0x45e000000-0x45fffffff]
[    1.322576] hpet0: at MMIO 0xfed00000, IRQs 2, 8, 0, 0, 0, 0, 0, 0
[    1.322780] hpet0: 8 comparators, 64-bit 14.318180 MHz counter
[    1.325502] clocksource: Switched to clocksource tsc-early
[    1.466996] pnp: PnP ACPI init
[    1.471199] system 00:00: [io  0x0680-0x069f] has been reserved
[    1.471563] system 00:00: [io  0xffff] has been reserved
[    1.471771] system 00:00: [io  0xffff] has been reserved
[    1.471975] system 00:00: [io  0xffff] has been reserved
[    1.472179] system 00:00: [io  0x0500-0x0501] has been reserved
[    1.472589] system 00:00: [io  0x1800-0x18fe] has been reserved
[    1.472810] system 00:00: [io  0x164e-0x164f] has been reserved
[    1.475683] system 00:02: [io  0x1854-0x1857] has been reserved
[    1.487048] system 00:06: [mem 0xfed1c000-0xfed1ffff] has been reserved
[    1.487170] system 00:06: [mem 0xfed10000-0xfed17fff] has been reserved
[    1.487332] system 00:06: [mem 0xfed18000-0xfed18fff] has been reserved
[    1.487447] system 00:06: [mem 0xfed19000-0xfed19fff] has been reserved
[    1.487561] system 00:06: [mem 0xe0000000-0xefffffff] has been reserved
[    1.487675] system 00:06: [mem 0xfed20000-0xfed3ffff] has been reserved
[    1.487788] system 00:06: [mem 0xfed90000-0xfed93fff] has been reserved
[    1.487901] system 00:06: [mem 0xfed45000-0xfed8ffff] has been reserved
[    1.488018] system 00:06: [mem 0xff000000-0xffffffff] could not be reserved
[    1.488137] system 00:06: [mem 0xfee00000-0xfeefffff] could not be reserved
[    1.488255] system 00:06: [mem 0xa0010000-0xa001ffff] has been reserved
[    1.488414] system 00:06: [mem 0xa0000000-0xa000ffff] has been reserved
[    1.492365] pnp: PnP ACPI: found 7 devices
[    1.519811] clocksource: acpi_pm: mask: 0xffffff max_cycles: 0xffffff, max_idle_ns: 2085701024 ns
[    1.520397] NET: Registered PF_INET protocol family
[    1.521136] IP idents hash table entries: 262144 (order: 9, 2097152 bytes, linear)
[    1.561736] tcp_listen_portaddr_hash hash table entries: 8192 (order: 7, 655360 bytes, linear)
[    1.563268] TCP established hash table entries: 131072 (order: 8, 1048576 bytes, linear)
[    1.569944] TCP bind hash table entries: 65536 (order: 10, 4718592 bytes, vmalloc)
[    1.579447] TCP: Hash tables configured (established 131072 bind 65536)
[    1.580033] UDP hash table entries: 8192 (order: 8, 1310720 bytes, linear)
[    1.583439] UDP-Lite hash table entries: 8192 (order: 8, 1310720 bytes, linear)
[    1.586810] NET: Registered PF_UNIX/PF_LOCAL protocol family
[    1.586965] pci 0000:00:1c.0: PCI bridge to [bus 01]
[    1.587056] pci 0000:00:1c.0:   bridge window [io  0x5000-0x5fff]
[    1.587162] pci 0000:00:1c.0:   bridge window [mem 0xc3100000-0xc31fffff]
[    1.587337] pci 0000:00:1c.1: PCI bridge to [bus 02]
[    1.587463] pci 0000:00:1c.1:   bridge window [io  0x4000-0x4fff]
[    1.587569] pci 0000:00:1c.1:   bridge window [mem 0xc3000000-0xc30fffff]
[    1.587689] pci 0000:00:1c.3: PCI bridge to [bus 03-08]
[    1.587779] pci 0000:00:1c.3:   bridge window [io  0x3000-0x3fff]
[    1.587883] pci 0000:00:1c.3:   bridge window [mem 0xc2000000-0xc2ffffff]
[    1.587994] pci 0000:00:1c.3:   bridge window [mem 0xc0000000-0xc0ffffff 64bit pref]
[    1.588125] pci_bus 0000:00: resource 4 [io  0x0000-0x0cf7 window]
[    1.588225] pci_bus 0000:00: resource 5 [io  0x0d00-0xffff window]
[    1.588484] pci_bus 0000:00: resource 6 [mem 0x000a0000-0x000bffff window]
[    1.588598] pci_bus 0000:00: resource 7 [mem 0xa0000000-0xfeafffff window]
[    1.588708] pci_bus 0000:01: resource 0 [io  0x5000-0x5fff]
[    1.588800] pci_bus 0000:01: resource 1 [mem 0xc3100000-0xc31fffff]
[    1.588901] pci_bus 0000:02: resource 0 [io  0x4000-0x4fff]
[    1.588993] pci_bus 0000:02: resource 1 [mem 0xc3000000-0xc30fffff]
[    1.589095] pci_bus 0000:03: resource 0 [io  0x3000-0x3fff]
[    1.589187] pci_bus 0000:03: resource 1 [mem 0xc2000000-0xc2ffffff]
[    1.589339] pci_bus 0000:03: resource 2 [mem 0xc0000000-0xc0ffffff 64bit pref]
[    1.590868] pci 0000:00:02.0: Video device with shadowed ROM at [mem 0x000c0000-0x000dffff]
[    1.591445] PCI: CLS 64 bytes, default 64
[    1.591726] PCI-DMA: Using software bounce buffering for IO (SWIOTLB)
[    1.591822] software IO TLB: mapped [mem 0x000000008f0c6000-0x00000000930c6000] (64MB)
[    1.593068] Trying to unpack rootfs image as initramfs...
[    1.597667] RAPL PMU: API unit is 2^-32 Joules, 4 fixed counters, 655360 ms ovfl timer
[    1.597790] RAPL PMU: hw unit of domain pp0-core 2^-14 Joules
[    1.597878] RAPL PMU: hw unit of domain package 2^-14 Joules
[    1.597964] RAPL PMU: hw unit of domain dram 2^-14 Joules
[    1.598047] RAPL PMU: hw unit of domain pp1-gpu 2^-14 Joules
[    1.600579] mce: Machine check injector initialized
[    1.622777] Initialise system trusted keyrings
[    1.623574] Key type blacklist registered
[    1.624352] workingset: timestamp_bits=46 max_order=22 bucket_order=0
[    1.645345] Key type asymmetric registered
[    1.645463] Asymmetric key parser 'x509' registered
[    1.645742] Block layer SCSI generic (bsg) driver version 0.4 loaded (major 249)
[    1.648507] start plist test
[    1.669605] end plist test
[    1.893433] ACPI: AC: AC Adapter [AC] (off-line)
[    1.894998] input: Lid Switch as /devices/LNXSYSTM:00/LNXSYBUS:00/PNP0C0D:00/input/input0
[    1.895600] ACPI: button: Lid Switch [LID0]
[    1.896554] input: Power Button as /devices/LNXSYSTM:00/LNXSYBUS:00/PNP0C0C:00/input/input1
[    1.897488] ACPI: button: Power Button [PWRB]
[    1.898483] input: Power Button as /devices/LNXSYSTM:00/LNXPWRBN:00/input/input2
[    1.903679] ACPI: button: Power Button [PWRF]
[    1.913124] Monitor-Mwait will be used to enter C-1 state
[    1.913260] Monitor-Mwait will be used to enter C-2 state
[    1.913417] Monitor-Mwait will be used to enter C-3 state
[    1.913465] ACPI: \_PR_.CPU0: Found 3 idle states
[    1.918359] ACPI: \_PR_.CPU1: Found 3 idle states
[    1.921951] ACPI: \_PR_.CPU2: Found 3 idle states
[    1.925564] ACPI: \_PR_.CPU3: Found 3 idle states
[    1.945507] thermal LNXTHERM:00: registered as thermal_zone0
[    1.945605] ACPI: thermal: Thermal Zone [TZ00] (43 C)
[    1.949671] thermal LNXTHERM:01: registered as thermal_zone1
[    1.949770] ACPI: thermal: Thermal Zone [TZ01] (0 C)
[    1.952761] Serial: 8250/16550 driver, 4 ports, IRQ sharing enabled
[    1.993446] Non-volatile memory driver v1.3
[    1.994027] Linux agpgart interface v0.103
[    1.996160] intelfb: Framebuffer driver for Intel(R) 830M/845G/852GM/855GM/865G/915G/915GM/945G/945GM/945GME/965G/965GM chipsets
[    1.996541] intelfb: Version 0.9.6
[    2.028857] ACPI: battery: Slot [BAT0] (battery present)
[    2.052080] brd: module loaded
[    2.068046] loop: module loaded
[    2.107083] ahci 0000:00:1f.2: version 3.0
[    2.109368] ahci 0000:00:1f.2: SSS flag set, parallel bus scan disabled
[    2.119636] ahci 0000:00:1f.2: AHCI 0001.0300 32 slots 4 ports 6 Gbps 0x3 impl SATA mode
[    2.119784] ahci 0000:00:1f.2: flags: 64bit ncq ilck stag pm led clo pio slum part deso sadm sds apst 
[    2.128537] scsi host0: ahci
[    2.130900] scsi host1: ahci
[    2.132949] scsi host2: ahci
[    2.135003] scsi host3: ahci
[    2.136148] ata1: SATA max UDMA/133 abar m2048@0xc3218000 port 0xc3218100 irq 40
[    2.136435] ata2: SATA max UDMA/133 abar m2048@0xc3218000 port 0xc3218180 irq 40
[    2.136557] ata3: DUMMY
[    2.136604] ata4: DUMMY
[    2.141260] e100: Intel(R) PRO/100 Network Driver
[    2.141391] e100: Copyright(c) 1999-2006 Intel Corporation
[    2.141712] e1000: Intel(R) PRO/1000 Network Driver
[    2.141790] e1000: Copyright (c) 1999-2006 Intel Corporation.
[    2.142146] e1000e: Intel(R) PRO/1000 Network Driver
[    2.142225] e1000e: Copyright(c) 1999 - 2015 Intel Corporation.
[    2.142732] ehci_hcd: USB 2.0 'Enhanced' Host Controller (EHCI) Driver
[    2.142874] ohci_hcd: USB 1.1 'Open' Host Controller (OHCI) Driver
[    2.143028] ohci-platform: OHCI generic platform driver
[    2.143468] usbcore: registered new interface driver usb-storage
[    2.144385] i8042: PNP: PS/2 Controller [PNP0303:PS2K,PNP0f03:PS2M] at 0x60,0x64 irq 1,12
[    2.152952] serio: i8042 KBD port at 0x60,0x64 irq 1
[    2.154191] serio: i8042 AUX port at 0x60,0x64 irq 12
[    2.155728] mousedev: PS/2 mouse device common for all mice
[    2.159475] efifb: probing for efifb
[    2.159677] pmd_set_huge: Cannot satisfy [mem 0xb0000000-0xb0200000] with a huge-page mapping due to MTRR override.
[    2.159913] efifb: framebuffer at 0xb0000000, using 4128k, total 4128k
[    2.160014] efifb: mode is 1366x768x32, linelength=5504, pages=1
[    2.160112] efifb: scrolling: redraw
[    2.160171] efifb: Truecolor: size=8:8:8:8, shift=24:16:8:0
[    2.168039] random: fast init done
[    2.170669] input: AT Translated Set 2 keyboard as /devices/platform/i8042/serio0/input/input3
[    2.206764] Console: switching to colour frame buffer device 170x48
[    2.248818] fb0: EFI VGA frame buffer device
[    2.249206] EFI Variables Facility v0.08 2004-May-17
[    2.308596] usbcore: registered new interface driver usbhid
[    2.309217] usbhid: USB HID core driver
[    2.309739] pktgen: Packet Generator for packet performance testing. Version: 2.75
[    2.314471] Initializing XFRM netlink socket
[    2.315058] NET: Registered PF_INET6 protocol family
[    2.318739] Segment Routing with IPv6
[    2.319069] In-situ OAM (IOAM) with IPv6
[    2.319627] sit: IPv6, IPv4 and MPLS over IPv4 tunneling driver
[    2.322449] NET: Registered PF_PACKET protocol family
[    2.323081] 8021q: 802.1Q VLAN Support v1.8
[    2.323696] sctp: Hash tables configured (bind 32/56)
[    2.328129] microcode: sig=0x306d4, pf=0x40, revision=0x1d
[    2.329521] microcode: Microcode Update Driver: v2.2.
[    2.329551] IPI shorthand broadcast: enabled
[    2.330435] sched_clock: Marking stable (2308644828, 21645879)->(2365564162, -35273455)
[    2.331745] registered taskstats version 1
[    2.332085] Loading compiled-in X.509 certificates
[    2.442356] ata1: SATA link up 6.0 Gbps (SStatus 133 SControl 300)
[    2.448749] ata1.00: ATA-10: TS1TSSD220Q, T0910A0, max UDMA/133
[    2.472328] ata1.00: 1953525168 sectors, multi 1: LBA48 NCQ (depth 32), AA
[    2.501123] ata1.00: Features: Dev-Sleep
[    2.543253] ata1.00: configured for UDMA/133
[    2.557517] scsi 0:0:0:0: Direct-Access     ATA      TS1TSSD220Q      0A0  PQ: 0 ANSI: 5
[    2.574742] sd 0:0:0:0: Attached scsi generic sg0 type 0
[    2.575483] sd 0:0:0:0: [sda] 1953525168 512-byte logical blocks: (1.00 TB/932 GiB)
[    2.617687] sd 0:0:0:0: [sda] Write Protect is off
[    2.631038] sd 0:0:0:0: [sda] Mode Sense: 00 3a 00 00
[    2.631207] sd 0:0:0:0: [sda] Write cache: enabled, read cache: enabled, doesn't support DPO or FUA
[    2.651250]  sda: sda1 sda2 sda3 sda4
[    2.653465] tsc: Refined TSC clocksource calibration: 2095.149 MHz
[    2.669655] sd 0:0:0:0: [sda] Attached SCSI disk
[    2.689895] clocksource: tsc: mask: 0xffffffffffffffff max_cycles: 0x1e3349f83e9, max_idle_ns: 440795233330 ns
[    2.727433] clocksource: Switched to clocksource tsc
[    2.938365] ata2: SATA link up 1.5 Gbps (SStatus 113 SControl 300)
[    2.967086] ata2.00: ATAPI: hp       DVDRW  GUB0N, UB00, max UDMA/133
[    2.994130] ata2.00: configured for UDMA/133
[    3.013405] scsi 1:0:0:0: CD-ROM            hp       DVDRW  GUB0N     UB00 PQ: 0 ANSI: 5
[    3.062550] scsi 1:0:0:0: Attached scsi generic sg1 type 5
[    3.202548] psmouse serio1: synaptics: queried max coordinates: x [..5716], y [..4886]
[    3.267435] psmouse serio1: synaptics: queried min coordinates: x [1220..], y [986..]
[    3.364424] psmouse serio1: synaptics: Touchpad model: 1, fw: 7.5, id: 0x1e0b1, caps: 0xf00173/0x640000/0xa2400/0x0, board id: 2654, fw id: 1323623
[    3.432185] input: SynPS/2 Synaptics TouchPad as /devices/platform/i8042/serio1/input/input5
[    8.391739] Freeing initrd memory: 35764K
[    8.487357] Freeing unused kernel image (initmem) memory: 1500K
[    8.511505] Write protecting the kernel read-only data: 20480k
[    8.533107] Freeing unused kernel image (text/rodata gap) memory: 2040K
[    8.549349] Freeing unused kernel image (rodata/data gap) memory: 500K
[    8.563826] Run /init as init process
[    8.578049]   with arguments:
[    8.578064]     /init
[    8.578078]   with environment:
[    8.578090]     HOME=/
[    8.578103]     TERM=linux
[    8.578116]     BOOT_IMAGE=(hd0,gpt2)/bzImage
[    8.579680] random: init: uninitialized urandom read (8 bytes read)
[    8.643435] random: mount: uninitialized urandom read (8 bytes read)
[    8.662365] random: mount: uninitialized urandom read (8 bytes read)
[   12.277705] urandom_read: 5 callbacks suppressed
[   12.277719] random: mnthd.sh: uninitialized urandom read (8 bytes read)
[   12.308256] random: mkdir: uninitialized urandom read (8 bytes read)
[   12.351920] EXT4-fs (sda3): mounted filesystem with ordered data mode. Quota mode: disabled.
[   12.680206] EXT4-fs (sda4): mounted filesystem with ordered data mode. Quota mode: disabled.
[   12.705253] EXT4-fs (sda2): mounted filesystem with ordered data mode. Quota mode: disabled.
[   15.226682] random: crng init done
[  126.398211] nbd0: detected capacity change from 0 to 102400
[  126.884630] EXT4-fs (nbd0): mounted filesystem with ordered data mode. Quota mode: disabled.
[  126.895955] ext4 filesystem being mounted at /tmp/mnt-tmp.Xj4BuSZRXu supports timestamps until 2038 (0x7fffffff)

[  126.935657] ======================================================
[  126.946736] WARNING: possible circular locking dependency detected
[  126.957684] 5.16.0+ #389 Not tainted
[  126.968378] ------------------------------------------------------
[  126.979315] mkdir/679 is trying to acquire lock:
[  126.989893] ffff888102ac4af0 (&cmd->lock){+.+.}-{3:3}, at: nbd_queue_rq+0x51/0x6d3

[  127.000530] but task is already holding lock:
[  127.021820] ffff88810da40778 (&ei->i_data_sem){++++}-{3:3}, at: ext4_map_blocks+0x4ed/0x959

[  127.032996] which lock already depends on the new lock.


[  127.065801] the existing dependency chain (in reverse order) is:

[  127.087547] -> #4 (&ei->i_data_sem){++++}-{3:3}:
[  127.109388]        down_read+0x48/0x5d
[  127.120282]        ext4_map_blocks+0x31f/0x959
[  127.131314]        ext4_mpage_readpages+0x37a/0x708
[  127.142450]        ext4_readahead+0x47/0x50
[  127.153469]        read_pages+0x88/0x1ee
[  127.164553]        page_cache_ra_unbounded+0x143/0x2cd
[  127.175762]        do_page_cache_ra+0x7b/0x87
[  127.186971]        ondemand_readahead+0x3ea/0x3fe
[  127.198316]        page_cache_sync_ra+0x97/0xa5
[  127.209750]        filemap_read+0x2f2/0xba2
[  127.221213]        generic_file_read_iter+0x1ec/0x206
[  127.232731]        ext4_file_read_iter+0x17e/0x194
[  127.244293]        __kernel_read+0x141/0x1ed
[  127.255958]        kernel_read+0x4c/0x62
[  127.267530]        bprm_execve+0x419/0xa36
[  127.278948]        do_execveat_common.isra.0+0x205/0x241
[  127.290367]        __x64_sys_execve+0x62/0x74
[  127.301655]        do_syscall_64+0x8f/0xb0
[  127.312942]        entry_SYSCALL_64_after_hwframe+0x44/0xae

[  127.324306] -> #3 (mapping.invalidate_lock){.+.+}-{3:3}:
[  127.346564]        down_read+0x48/0x5d
[  127.357776]        filemap_fault+0x255/0x7f4
[  127.369062]        __do_fault+0x6a/0xda
[  127.380383]        __handle_mm_fault+0x7c0/0xbc9
[  127.391722]        handle_mm_fault+0x215/0x36b
[  127.403034]        do_user_addr_fault+0x397/0x53e
[  127.414241]        exc_page_fault+0x1d1/0x1f1
[  127.425337]        asm_exc_page_fault+0x1e/0x30

[  127.436168] -> #2 (&mm->mmap_lock#2){++++}-{3:3}:
[  127.456758]        __might_fault+0xa1/0xc9
[  127.466860]        _copy_from_user+0x2a/0xb1
[  127.476839]        copy_from_sockptr+0x35/0x54
[  127.486706]        sock_setsockopt+0x821/0x13c0
[  127.496428]        __sys_setsockopt+0xe7/0x191
[  127.506012]        __x64_sys_setsockopt+0x6a/0x7d
[  127.515441]        do_syscall_64+0x8f/0xb0
[  127.524625]        entry_SYSCALL_64_after_hwframe+0x44/0xae

[  127.533967] -> #1 (sk_lock-AF_INET){+.+.}-{0:0}:
[  127.551773]        lock_sock_nested+0x4a/0xa7
[  127.560651]        lock_sock+0x18/0x1f
[  127.569416]        tcp_recvmsg+0x141/0x1f0
[  127.578288]        inet_recvmsg+0x97/0xed
[  127.587084]        sock_recvmsg_nosec+0x75/0x8e
[  127.595760]        sock_recvmsg+0x4a/0x5e
[  127.604349]        sock_xmit+0x208/0x28e
[  127.612845]        nbd_handle_reply+0x660/0x887
[  127.621383]        recv_work+0x310/0x3fa
[  127.629890]        process_one_work+0x3de/0x689
[  127.638439]        worker_thread+0x2ce/0x3e9
[  127.646986]        kthread+0x172/0x17a
[  127.655456]        ret_from_fork+0x22/0x30

[  127.663877] -> #0 (&cmd->lock){+.+.}-{3:3}:
[  127.680473]        __lock_acquire+0xeb0/0x1196
[  127.688885]        lock_acquire+0x239/0x270
[  127.697245]        __mutex_lock+0xdb/0x462
[  127.705568]        mutex_lock_nested+0x2f/0x38
[  127.713889]        nbd_queue_rq+0x51/0x6d3
[  127.722191]        __blk_mq_try_issue_directly+0x11d/0x17d
[  127.730668]        blk_mq_request_issue_directly+0x34/0x45
[  127.739145]        blk_mq_plug_issue_direct.constprop.0+0xbb/0x141
[  127.747687]        blk_mq_flush_plug_list+0x2a0/0x42d
[  127.756195]        blk_flush_plug+0x1e3/0x20f
[  127.764629]        blk_finish_plug+0x41/0x5e
[  127.772943]        ext4_mb_prefetch+0x154/0x16b
[  127.781223]        ext4_mb_regular_allocator+0x936/0x10f0
[  127.789535]        ext4_mb_new_blocks+0x7be/0x1b43
[  127.797780]        ext4_ext_map_blocks+0x2337/0x282e
[  127.806074]        ext4_map_blocks+0x51d/0x959
[  127.814348]        ext4_getblk+0xdc/0x2e4
[  127.822557]        ext4_bread+0x39/0x88
[  127.830682]        ext4_append+0xca/0x185
[  127.838764]        ext4_init_new_dir+0xa1/0x188
[  127.846852]        ext4_mkdir+0x144/0x324
[  127.854891]        vfs_mkdir+0xca/0x124
[  127.862882]        do_mkdirat+0xea/0x134
[  127.870805]        __x64_sys_mkdir+0x43/0x50
[  127.878741]        do_syscall_64+0x8f/0xb0
[  127.886651]        entry_SYSCALL_64_after_hwframe+0x44/0xae

[  127.894727] other info that might help us debug this:

[  127.918594] Chain exists of:
[  127.918594]   &cmd->lock --> mapping.invalidate_lock --> &ei->i_data_sem

[  127.942619]  Possible unsafe locking scenario:

[  127.958751]        CPU0                    CPU1
[  127.966911]        ----                    ----
[  127.974961]   lock(&ei->i_data_sem);
[  127.982996]                                lock(mapping.invalidate_lock);
[  127.991419]                                lock(&ei->i_data_sem);
[  127.999826]   lock(&cmd->lock);

[  128.008085]  *** DEADLOCK ***

[  128.032172] 5 locks held by mkdir/679:
[  128.040260]  #0: ffff88810f7c4438 (sb_writers#3){.+.+}-{0:0}, at: mnt_want_write+0x32/0x66
[  128.048948]  #1: ffff88810daab870 (&type->i_mutex_dir_key#5/1){+.+.}-{3:3}, at: filename_create+0xb0/0x1a6
[  128.057973]  #2: ffff88810f730990 (jbd2_handle){.+.+}-{0:0}, at: start_this_handle+0x833/0x9eb
[  128.067190]  #3: ffff88810da40778 (&ei->i_data_sem){++++}-{3:3}, at: ext4_map_blocks+0x4ed/0x959
[  128.076578]  #4: ffff8881028aba18 (q->srcu){....}-{0:0}, at: rcu_lock_acquire+0x0/0x32

[  128.086093] stack backtrace:
[  128.104712] CPU: 2 PID: 679 Comm: mkdir Not tainted 5.16.0+ #389
[  128.114364] Hardware name: Hewlett-Packard HP 350 G2/803A, BIOS F.13 06/10/2015
[  128.124185] Call Trace:
[  128.133859]  <TASK>
[  128.143357]  dump_stack_lvl+0x4f/0x68
[  128.152901]  dump_stack+0x15/0x1b
[  128.162368]  check_noncircular+0x65/0x75
[  128.171919]  __lock_acquire+0xeb0/0x1196
[  128.181458]  ? lock_is_held_type+0x7b/0xd6
[  128.190959]  lock_acquire+0x239/0x270
[  128.200449]  ? nbd_queue_rq+0x51/0x6d3
[  128.209931]  ? lock_is_held_type+0x7b/0xd6
[  128.219422]  __mutex_lock+0xdb/0x462
[  128.228886]  ? nbd_queue_rq+0x51/0x6d3
[  128.238434]  ? nbd_queue_rq+0x51/0x6d3
[  128.247850]  ? hlock_class+0x1a/0x5f
[  128.257267]  ? mark_lock+0x8c/0x368
[  128.266703]  ? blk_mq_submit_bio+0xa82/0xa91
[  128.276220]  ? mutex_lock_nested+0x2f/0x38
[  128.285760]  mutex_lock_nested+0x2f/0x38
[  128.295269]  nbd_queue_rq+0x51/0x6d3
[  128.304801]  ? hlock_class+0x1a/0x5f
[  128.314253]  __blk_mq_try_issue_directly+0x11d/0x17d
[  128.323784]  blk_mq_request_issue_directly+0x34/0x45
[  128.333354]  blk_mq_plug_issue_direct.constprop.0+0xbb/0x141
[  128.342950]  blk_mq_flush_plug_list+0x2a0/0x42d
[  128.352604]  blk_flush_plug+0x1e3/0x20f
[  128.362086]  blk_finish_plug+0x41/0x5e
[  128.371417]  ext4_mb_prefetch+0x154/0x16b
[  128.380764]  ext4_mb_regular_allocator+0x936/0x10f0
[  128.390174]  ? lock_is_held_type+0x7b/0xd6
[  128.399652]  ? rcu_read_lock_sched_held+0x6d/0x75
[  128.409262]  ? kmem_cache_alloc+0x171/0x181
[  128.418929]  ext4_mb_new_blocks+0x7be/0x1b43
[  128.428464]  ext4_ext_map_blocks+0x2337/0x282e
[  128.437995]  ? __down_write_common+0x86b/0x87d
[  128.447522]  ? lock_acquire+0x239/0x270
[  128.457025]  ? lock_is_held_type+0x7b/0xd6
[  128.466621]  ext4_map_blocks+0x51d/0x959
[  128.476308]  ext4_getblk+0xdc/0x2e4
[  128.485944]  ext4_bread+0x39/0x88
[  128.495267]  ext4_append+0xca/0x185
[  128.504336]  ext4_init_new_dir+0xa1/0x188
[  128.513143]  ext4_mkdir+0x144/0x324
[  128.521771]  vfs_mkdir+0xca/0x124
[  128.530140]  do_mkdirat+0xea/0x134
[  128.538308]  __x64_sys_mkdir+0x43/0x50
[  128.546515]  do_syscall_64+0x8f/0xb0
[  128.554595]  entry_SYSCALL_64_after_hwframe+0x44/0xae
[  128.562641] RIP: 0033:0x7f357462c3cb
[  128.570492] Code: 8b 05 61 8a 0f 00 41 bc ff ff ff ff 64 c7 00 16 00 00 00 e9 4f ff ff ff e8 82 fd 01 00 66 90 f3 0f 1e fa b8 53 00 00 00 0f 05 <48> 3d 01 f0 ff ff 73 01 c3 48 8b 0d 2d 8a 0f 00 f7 d8 64 89 01 48
[  128.588545] RSP: 002b:00007ffd618f12f8 EFLAGS: 00000246 ORIG_RAX: 0000000000000053
[  128.598012] RAX: ffffffffffffffda RBX: 00000000000001ff RCX: 00007f357462c3cb
[  128.607620] RDX: 0000000000000000 RSI: 00000000000001ff RDI: 00007ffd618f2f1b
[  128.617235] RBP: 00007ffd618f2f1b R08: 00000000000001ff R09: 0000000000000000
[  128.626939] R10: 0000000000001000 R11: 0000000000000246 R12: 0000000000000000
[  128.636596] R13: 00007ffd618f14b8 R14: 00007ffd618f2f1b R15: 00007ffd618f14c0
[  128.646332]  </TASK>
[  224.590167] block nbd0: NBD_DISCONNECT
[  224.598693] block nbd0: Disconnected due to user request.
[  224.611622] block nbd0: shutting down sockets
[  345.597238] block nbd0: Attempted send on invalid socket
[  345.605963] I/O error, dev nbd0, sector 2 op 0x0:(READ) flags 0x1000 phys_seg 1 prio class 0
[  345.615068] EXT4-fs (nbd0): unable to read superblock
[  469.052582] nbd0: detected capacity change from 0 to 102400
[  469.382927] EXT4-fs (nbd0): mounted filesystem with ordered data mode. Quota mode: disabled.
[  469.391912] ext4 filesystem being mounted at /tmp/mnt-tmp.2htvPFj2q9 supports timestamps until 2038 (0x7fffffff)
[  492.400458] block nbd0: NBD_DISCONNECT
[  492.410730] block nbd0: Disconnected due to user request.
[  492.429113] block nbd0: shutting down sockets
[  594.292655] ACPI: \_PR_.CPU0: Found 3 idle states
[  594.304388] ACPI: \_PR_.CPU0: Found 3 idle states
[  594.316736] ACPI: \_PR_.CPU1: Found 3 idle states
[  594.328914] ACPI: \_PR_.CPU2: Found 3 idle states
[  594.340863] ACPI: \_PR_.CPU3: Found 3 idle states
[  594.396524] ACPI: battery: [Firmware Bug]: (dis)charge rate invalid.
[  979.422877] I/O error, dev loop0, sector 2 op 0x0:(READ) flags 0x1000 phys_seg 1 prio class 0
[  979.429540] EXT4-fs (loop0): unable to read superblock
[  983.508964] I/O error, dev loop0, sector 2 op 0x0:(READ) flags 0x1000 phys_seg 1 prio class 0
[  983.516237] EXT4-fs (loop0): unable to read superblock
[ 1045.191655] loop0: detected capacity change from 0 to 102400
[ 1045.338692] EXT4-fs (loop0): recovery complete
[ 1045.346885] EXT4-fs (loop0): mounted filesystem with ordered data mode. Quota mode: disabled.
[ 1045.355067] ext4 filesystem being mounted at /home/manfred/git/manfred/nbd-small/eval-05/x supports timestamps until 2038 (0x7fffffff)
[ 1049.542885] EXT4-fs (loop0): mounted filesystem with ordered data mode. Quota mode: disabled.
[ 1049.551229] ext4 filesystem being mounted at /home/manfred/git/manfred/nbd-small/eval-05/x supports timestamps until 2038 (0x7fffffff)
[ 1225.593945] loop0: detected capacity change from 0 to 102400
[ 1225.758572] EXT4-fs (loop0): recovery complete
[ 1225.764968] EXT4-fs (loop0): mounted filesystem with ordered data mode. Quota mode: disabled.
[ 1225.771664] ext4 filesystem being mounted at /home/manfred/git/manfred/nbd-small/eval-05/x supports timestamps until 2038 (0x7fffffff)
[ 1229.971355] EXT4-fs (loop0): mounted filesystem with ordered data mode. Quota mode: disabled.
[ 1229.979123] ext4 filesystem being mounted at /home/manfred/git/manfred/nbd-small/eval-05/x supports timestamps until 2038 (0x7fffffff)
[ 1303.644382] loop0: detected capacity change from 0 to 102400
[ 1303.809659] EXT4-fs (loop0): recovery complete
[ 1303.817231] EXT4-fs (loop0): mounted filesystem with ordered data mode. Quota mode: disabled.
[ 1303.825052] ext4 filesystem being mounted at /home/manfred/git/manfred/nbd-small/eval-05/x supports timestamps until 2038 (0x7fffffff)
[ 1308.021537] EXT4-fs (loop0): mounted filesystem with ordered data mode. Quota mode: disabled.
[ 1308.030469] ext4 filesystem being mounted at /home/manfred/git/manfred/nbd-small/eval-05/x supports timestamps until 2038 (0x7fffffff)
[ 1391.435594] nbd0: detected capacity change from 0 to 409600
[ 1391.780617] EXT4-fs (nbd0): mounted filesystem with ordered data mode. Quota mode: disabled.
[ 1391.787571] ext4 filesystem being mounted at /tmp/mnt-tmp.LHOkyQZf0a supports timestamps until 2038 (0x7fffffff)
[ 1449.521415] block nbd0: NBD_DISCONNECT
[ 1449.527207] block nbd0: Disconnected due to user request.
[ 1449.534130] block nbd0: shutting down sockets
